
*** Running vivado
    with args -log video_controller.vds -m64 -product Vivado -mode batch -messageDb vivado.pb -notrace -source video_controller.tcl


****** Vivado v2023.2 (64-bit)
  **** SW Build 4029153 on Fri Oct 13 20:13:54 MDT 2023
  **** IP Build 4028589 on Sat Oct 14 00:45:43 MDT 2023
  **** SharedData Build 4025554 on Tue Oct 10 17:18:54 MDT 2023
    ** Copyright 1986-2022 Xilinx, Inc. All Rights Reserved.
    ** Copyright 2022-2023 Advanced Micro Devices, Inc. All Rights Reserved.

source video_controller.tcl -notrace
create_project: Time (s): cpu = 00:00:07 ; elapsed = 00:00:07 . Memory (MB): peak = 1366.566 ; gain = 31.836 ; free physical = 6742 ; free virtual = 23465
Command: read_checkpoint -auto_incremental -incremental /home/nfant/vc-standalone/vc_standalone/vc_standalone.srcs/utils_1/imports/synth_1/video_controller.dcp
INFO: [Vivado 12-5825] Read reference checkpoint from /home/nfant/vc-standalone/vc_standalone/vc_standalone.srcs/utils_1/imports/synth_1/video_controller.dcp for incremental synthesis
INFO: [Vivado 12-7989] Please ensure there are no constraint changes
Command: synth_design -top video_controller -part xc7a100tcsg324-1
Starting synth_design
Attempting to get a license for feature 'Synthesis' and/or device 'xc7a100t'
INFO: [Common 17-349] Got license for feature 'Synthesis' and/or device 'xc7a100t'
INFO: [Device 21-403] Loading part xc7a100tcsg324-1
INFO: [Designutils 20-5440] No compile time benefit to using incremental synthesis; A full resynthesis will be run
INFO: [Designutils 20-4379] Flow is switching to default flow due to incremental criteria not met. If you would like to alter this behaviour and have the flow terminate instead, please set the following parameter config_implementation {autoIncr.Synth.RejectBehavior Terminate}
INFO: [Synth 8-7079] Multithreading enabled for synth_design using a maximum of 4 processes.
INFO: [Synth 8-7078] Launching helper process for spawning children vivado processes
INFO: [Synth 8-7075] Helper process launched with PID 3107366
---------------------------------------------------------------------------------
Starting RTL Elaboration : Time (s): cpu = 00:00:03 ; elapsed = 00:00:03 . Memory (MB): peak = 2130.125 ; gain = 405.641 ; free physical = 5690 ; free virtual = 22413
---------------------------------------------------------------------------------
INFO: [Synth 8-6157] synthesizing module 'video_controller' [/home/nfant/vc-standalone/video_controller.sv:1]
INFO: [Synth 8-6157] synthesizing module 'clk_wiz_0' [/home/nfant/vc-standalone/vc_standalone/vc_standalone.runs/synth_1/.Xil/Vivado-3107332-iscandar/realtime/clk_wiz_0_stub.v:6]
INFO: [Synth 8-6155] done synthesizing module 'clk_wiz_0' (0#1) [/home/nfant/vc-standalone/vc_standalone/vc_standalone.runs/synth_1/.Xil/Vivado-3107332-iscandar/realtime/clk_wiz_0_stub.v:6]
INFO: [Synth 8-6157] synthesizing module 'clk_div' [/home/nfant/vc-standalone/clk_div.sv:1]
INFO: [Synth 8-6155] done synthesizing module 'clk_div' (0#1) [/home/nfant/vc-standalone/clk_div.sv:1]
INFO: [Synth 8-6157] synthesizing module 'scrn_pos' [/home/nfant/vc-standalone/scrn_pos.sv:1]
INFO: [Synth 8-6155] done synthesizing module 'scrn_pos' (0#1) [/home/nfant/vc-standalone/scrn_pos.sv:1]
WARNING: [Synth 8-689] width (10) of port connection 'sx' does not match port width (20) of module 'scrn_pos' [/home/nfant/vc-standalone/video_controller.sv:45]
WARNING: [Synth 8-689] width (10) of port connection 'sy' does not match port width (20) of module 'scrn_pos' [/home/nfant/vc-standalone/video_controller.sv:45]
INFO: [Synth 8-6157] synthesizing module 'dvi_generator' [/home/nfant/vc-standalone/dvi_generator.sv:1]
INFO: [Synth 8-6157] synthesizing module 'tmds_encoder' [/home/nfant/vc-standalone/tmds_encoder.sv:1]
INFO: [Synth 8-6155] done synthesizing module 'tmds_encoder' (0#1) [/home/nfant/vc-standalone/tmds_encoder.sv:1]
INFO: [Synth 8-6157] synthesizing module 'serializer' [/home/nfant/vc-standalone/serializer.sv:1]
INFO: [Synth 8-6155] done synthesizing module 'serializer' (0#1) [/home/nfant/vc-standalone/serializer.sv:1]
INFO: [Synth 8-6157] synthesizing module 'differential' [/home/nfant/vc-standalone/differential.sv:1]
INFO: [Synth 8-6157] synthesizing module 'OBUFDS' [/opt/Xilinx/Vivado/2023.2/scripts/rt/data/unisim_comp.v:93073]
	Parameter IOSTANDARD bound to: TMDS_33 - type: string 
	Parameter SLEW bound to: SLOW - type: string 
INFO: [Synth 8-6155] done synthesizing module 'OBUFDS' (0#1) [/opt/Xilinx/Vivado/2023.2/scripts/rt/data/unisim_comp.v:93073]
INFO: [Synth 8-6155] done synthesizing module 'differential' (0#1) [/home/nfant/vc-standalone/differential.sv:1]
INFO: [Synth 8-6155] done synthesizing module 'dvi_generator' (0#1) [/home/nfant/vc-standalone/dvi_generator.sv:1]
INFO: [Synth 8-6155] done synthesizing module 'video_controller' (0#1) [/home/nfant/vc-standalone/video_controller.sv:1]
WARNING: [Synth 8-7129] Port rst in module serializer is either unconnected or has no load
WARNING: [Synth 8-7129] Port dataIn[23] in module video_controller is either unconnected or has no load
WARNING: [Synth 8-7129] Port dataIn[22] in module video_controller is either unconnected or has no load
WARNING: [Synth 8-7129] Port dataIn[21] in module video_controller is either unconnected or has no load
WARNING: [Synth 8-7129] Port dataIn[20] in module video_controller is either unconnected or has no load
WARNING: [Synth 8-7129] Port dataIn[19] in module video_controller is either unconnected or has no load
WARNING: [Synth 8-7129] Port dataIn[18] in module video_controller is either unconnected or has no load
WARNING: [Synth 8-7129] Port dataIn[17] in module video_controller is either unconnected or has no load
WARNING: [Synth 8-7129] Port dataIn[16] in module video_controller is either unconnected or has no load
WARNING: [Synth 8-7129] Port dataIn[15] in module video_controller is either unconnected or has no load
WARNING: [Synth 8-7129] Port dataIn[14] in module video_controller is either unconnected or has no load
WARNING: [Synth 8-7129] Port dataIn[13] in module video_controller is either unconnected or has no load
WARNING: [Synth 8-7129] Port dataIn[12] in module video_controller is either unconnected or has no load
WARNING: [Synth 8-7129] Port dataIn[11] in module video_controller is either unconnected or has no load
WARNING: [Synth 8-7129] Port dataIn[10] in module video_controller is either unconnected or has no load
WARNING: [Synth 8-7129] Port dataIn[9] in module video_controller is either unconnected or has no load
WARNING: [Synth 8-7129] Port dataIn[8] in module video_controller is either unconnected or has no load
WARNING: [Synth 8-7129] Port dataIn[7] in module video_controller is either unconnected or has no load
WARNING: [Synth 8-7129] Port dataIn[6] in module video_controller is either unconnected or has no load
WARNING: [Synth 8-7129] Port dataIn[5] in module video_controller is either unconnected or has no load
WARNING: [Synth 8-7129] Port dataIn[4] in module video_controller is either unconnected or has no load
WARNING: [Synth 8-7129] Port dataIn[3] in module video_controller is either unconnected or has no load
WARNING: [Synth 8-7129] Port dataIn[2] in module video_controller is either unconnected or has no load
WARNING: [Synth 8-7129] Port dataIn[1] in module video_controller is either unconnected or has no load
WARNING: [Synth 8-7129] Port dataIn[0] in module video_controller is either unconnected or has no load
---------------------------------------------------------------------------------
Finished RTL Elaboration : Time (s): cpu = 00:00:04 ; elapsed = 00:00:04 . Memory (MB): peak = 2216.094 ; gain = 491.609 ; free physical = 5581 ; free virtual = 22305
---------------------------------------------------------------------------------
---------------------------------------------------------------------------------
Start Handling Custom Attributes
---------------------------------------------------------------------------------
---------------------------------------------------------------------------------
Finished Handling Custom Attributes : Time (s): cpu = 00:00:04 ; elapsed = 00:00:05 . Memory (MB): peak = 2230.938 ; gain = 506.453 ; free physical = 5581 ; free virtual = 22305
---------------------------------------------------------------------------------
---------------------------------------------------------------------------------
Finished RTL Optimization Phase 1 : Time (s): cpu = 00:00:04 ; elapsed = 00:00:05 . Memory (MB): peak = 2230.938 ; gain = 506.453 ; free physical = 5581 ; free virtual = 22305
---------------------------------------------------------------------------------
Netlist sorting complete. Time (s): cpu = 00:00:00.01 ; elapsed = 00:00:00.01 . Memory (MB): peak = 2236.875 ; gain = 0.000 ; free physical = 5578 ; free virtual = 22301
INFO: [Netlist 29-17] Analyzing 4 Unisim elements for replacement
INFO: [Netlist 29-28] Unisim Transformation completed in 0 CPU seconds
INFO: [Project 1-570] Preparing netlist for logic optimization

Processing XDC Constraints
Initializing timing engine
Parsing XDC File [/home/nfant/vc-standalone/vc_standalone/vc_standalone.gen/sources_1/ip/clk_wiz_0/clk_wiz_0/clk_wiz_0_in_context.xdc] for cell 'clk_wiz'
Finished Parsing XDC File [/home/nfant/vc-standalone/vc_standalone/vc_standalone.gen/sources_1/ip/clk_wiz_0/clk_wiz_0/clk_wiz_0_in_context.xdc] for cell 'clk_wiz'
Parsing XDC File [/home/nfant/vc-standalone/vc_standalone/vc_standalone.srcs/constrs_1/new/constr.xdc]
Finished Parsing XDC File [/home/nfant/vc-standalone/vc_standalone/vc_standalone.srcs/constrs_1/new/constr.xdc]
INFO: [Project 1-236] Implementation specific constraints were found while reading constraint file [/home/nfant/vc-standalone/vc_standalone/vc_standalone.srcs/constrs_1/new/constr.xdc]. These constraints will be ignored for synthesis but will be used in implementation. Impacted constraints are listed in the file [.Xil/video_controller_propImpl.xdc].
Resolution: To avoid this warning, move constraints listed in [.Xil/video_controller_propImpl.xdc] to another XDC file and exclude this new file from synthesis with the used_in_synthesis property (File Properties dialog in GUI) and re-run elaboration/synthesis.
Completed Processing XDC Constraints

Netlist sorting complete. Time (s): cpu = 00:00:00 ; elapsed = 00:00:00.01 . Memory (MB): peak = 2385.688 ; gain = 0.000 ; free physical = 5571 ; free virtual = 22295
INFO: [Project 1-111] Unisim Transformation Summary:
No Unisim elements were transformed.

Constraint Validation Runtime : Time (s): cpu = 00:00:00 ; elapsed = 00:00:00 . Memory (MB): peak = 2385.723 ; gain = 0.000 ; free physical = 5570 ; free virtual = 22294
INFO: [Designutils 20-5440] No compile time benefit to using incremental synthesis; A full resynthesis will be run
INFO: [Designutils 20-4379] Flow is switching to default flow due to incremental criteria not met. If you would like to alter this behaviour and have the flow terminate instead, please set the following parameter config_implementation {autoIncr.Synth.RejectBehavior Terminate}
---------------------------------------------------------------------------------
Finished Constraint Validation : Time (s): cpu = 00:00:11 ; elapsed = 00:00:11 . Memory (MB): peak = 2385.723 ; gain = 661.238 ; free physical = 5568 ; free virtual = 22291
---------------------------------------------------------------------------------
---------------------------------------------------------------------------------
Start Loading Part and Timing Information
---------------------------------------------------------------------------------
Loading part: xc7a100tcsg324-1
---------------------------------------------------------------------------------
Finished Loading Part and Timing Information : Time (s): cpu = 00:00:11 ; elapsed = 00:00:11 . Memory (MB): peak = 2385.723 ; gain = 661.238 ; free physical = 5568 ; free virtual = 22291
---------------------------------------------------------------------------------
---------------------------------------------------------------------------------
Start Applying 'set_property' XDC Constraints
---------------------------------------------------------------------------------
Applied set_property IO_BUFFER_TYPE = NONE for clk. (constraint file  /home/nfant/vc-standalone/vc_standalone/vc_standalone.gen/sources_1/ip/clk_wiz_0/clk_wiz_0/clk_wiz_0_in_context.xdc, line 3).
Applied set_property CLOCK_BUFFER_TYPE = NONE for clk. (constraint file  /home/nfant/vc-standalone/vc_standalone/vc_standalone.gen/sources_1/ip/clk_wiz_0/clk_wiz_0/clk_wiz_0_in_context.xdc, line 4).
Applied set_property KEEP_HIERARCHY = SOFT for clk_wiz. (constraint file  auto generated constraint).
---------------------------------------------------------------------------------
Finished applying 'set_property' XDC Constraints : Time (s): cpu = 00:00:11 ; elapsed = 00:00:11 . Memory (MB): peak = 2385.723 ; gain = 661.238 ; free physical = 5568 ; free virtual = 22291
---------------------------------------------------------------------------------
---------------------------------------------------------------------------------
Finished RTL Optimization Phase 2 : Time (s): cpu = 00:00:11 ; elapsed = 00:00:11 . Memory (MB): peak = 2385.723 ; gain = 661.238 ; free physical = 5566 ; free virtual = 22291
---------------------------------------------------------------------------------
---------------------------------------------------------------------------------
Start RTL Component Statistics 
---------------------------------------------------------------------------------
Detailed RTL Component Info : 
+---Adders : 
	   2 Input   20 Bit       Adders := 4     
	   8 Input    5 Bit       Adders := 3     
	   2 Input    5 Bit       Adders := 3     
	  10 Input    5 Bit       Adders := 3     
	  12 Input    5 Bit       Adders := 3     
	   4 Input    5 Bit       Adders := 6     
	   8 Input    4 Bit       Adders := 3     
	   2 Input    4 Bit       Adders := 4     
	   2 Input    3 Bit       Adders := 1     
+---XORs : 
	   2 Input      1 Bit         XORs := 42    
+---Registers : 
	               20 Bit    Registers := 8     
	               10 Bit    Registers := 7     
	                8 Bit    Registers := 3     
	                5 Bit    Registers := 3     
	                4 Bit    Registers := 4     
	                3 Bit    Registers := 1     
	                1 Bit    Registers := 9     
+---Muxes : 
	   3 Input   20 Bit        Muxes := 1     
	   2 Input   13 Bit        Muxes := 1     
	   2 Input   12 Bit        Muxes := 3     
	   5 Input   10 Bit        Muxes := 6     
	   2 Input   10 Bit        Muxes := 13    
	   3 Input    7 Bit        Muxes := 2     
	   2 Input    5 Bit        Muxes := 12    
	   3 Input    4 Bit        Muxes := 1     
	   2 Input    4 Bit        Muxes := 2     
	   2 Input    3 Bit        Muxes := 1     
	   2 Input    1 Bit        Muxes := 28    
---------------------------------------------------------------------------------
Finished RTL Component Statistics 
---------------------------------------------------------------------------------
---------------------------------------------------------------------------------
Start Part Resource Summary
---------------------------------------------------------------------------------
Part Resources:
DSPs: 240 (col length:80)
BRAMs: 270 (col length: RAMB18 80 RAMB36 40)
---------------------------------------------------------------------------------
Finished Part Resource Summary
---------------------------------------------------------------------------------
---------------------------------------------------------------------------------
Start Cross Boundary and Area Optimization
---------------------------------------------------------------------------------
WARNING: [Synth 8-7080] Parallel synthesis criteria is not met
WARNING: [Synth 8-7129] Port dataIn[23] in module video_controller is either unconnected or has no load
WARNING: [Synth 8-7129] Port dataIn[22] in module video_controller is either unconnected or has no load
WARNING: [Synth 8-7129] Port dataIn[21] in module video_controller is either unconnected or has no load
WARNING: [Synth 8-7129] Port dataIn[20] in module video_controller is either unconnected or has no load
WARNING: [Synth 8-7129] Port dataIn[19] in module video_controller is either unconnected or has no load
WARNING: [Synth 8-7129] Port dataIn[18] in module video_controller is either unconnected or has no load
WARNING: [Synth 8-7129] Port dataIn[17] in module video_controller is either unconnected or has no load
WARNING: [Synth 8-7129] Port dataIn[16] in module video_controller is either unconnected or has no load
WARNING: [Synth 8-7129] Port dataIn[15] in module video_controller is either unconnected or has no load
WARNING: [Synth 8-7129] Port dataIn[14] in module video_controller is either unconnected or has no load
WARNING: [Synth 8-7129] Port dataIn[13] in module video_controller is either unconnected or has no load
WARNING: [Synth 8-7129] Port dataIn[12] in module video_controller is either unconnected or has no load
WARNING: [Synth 8-7129] Port dataIn[11] in module video_controller is either unconnected or has no load
WARNING: [Synth 8-7129] Port dataIn[10] in module video_controller is either unconnected or has no load
WARNING: [Synth 8-7129] Port dataIn[9] in module video_controller is either unconnected or has no load
WARNING: [Synth 8-7129] Port dataIn[8] in module video_controller is either unconnected or has no load
WARNING: [Synth 8-7129] Port dataIn[7] in module video_controller is either unconnected or has no load
WARNING: [Synth 8-7129] Port dataIn[6] in module video_controller is either unconnected or has no load
WARNING: [Synth 8-7129] Port dataIn[5] in module video_controller is either unconnected or has no load
WARNING: [Synth 8-7129] Port dataIn[4] in module video_controller is either unconnected or has no load
WARNING: [Synth 8-7129] Port dataIn[3] in module video_controller is either unconnected or has no load
WARNING: [Synth 8-7129] Port dataIn[2] in module video_controller is either unconnected or has no load
WARNING: [Synth 8-7129] Port dataIn[1] in module video_controller is either unconnected or has no load
WARNING: [Synth 8-7129] Port dataIn[0] in module video_controller is either unconnected or has no load
---------------------------------------------------------------------------------
Finished Cross Boundary and Area Optimization : Time (s): cpu = 00:00:16 ; elapsed = 00:00:17 . Memory (MB): peak = 2385.723 ; gain = 661.238 ; free physical = 5544 ; free virtual = 22273
---------------------------------------------------------------------------------
---------------------------------------------------------------------------------
Start Applying XDC Timing Constraints
---------------------------------------------------------------------------------
WARNING: [Synth 8-565] redefining clock 'clk'
---------------------------------------------------------------------------------
Finished Applying XDC Timing Constraints : Time (s): cpu = 00:00:20 ; elapsed = 00:00:20 . Memory (MB): peak = 2385.723 ; gain = 661.238 ; free physical = 5550 ; free virtual = 22278
---------------------------------------------------------------------------------
---------------------------------------------------------------------------------
Start Timing Optimization
---------------------------------------------------------------------------------
---------------------------------------------------------------------------------
Finished Timing Optimization : Time (s): cpu = 00:00:21 ; elapsed = 00:00:21 . Memory (MB): peak = 2385.723 ; gain = 661.238 ; free physical = 5554 ; free virtual = 22283
---------------------------------------------------------------------------------
---------------------------------------------------------------------------------
Start Technology Mapping
---------------------------------------------------------------------------------
---------------------------------------------------------------------------------
Finished Technology Mapping : Time (s): cpu = 00:00:21 ; elapsed = 00:00:21 . Memory (MB): peak = 2385.723 ; gain = 661.238 ; free physical = 5554 ; free virtual = 22283
---------------------------------------------------------------------------------
---------------------------------------------------------------------------------
Start IO Insertion
---------------------------------------------------------------------------------
---------------------------------------------------------------------------------
Start Flattening Before IO Insertion
---------------------------------------------------------------------------------
---------------------------------------------------------------------------------
Finished Flattening Before IO Insertion
---------------------------------------------------------------------------------
---------------------------------------------------------------------------------
Start Final Netlist Cleanup
---------------------------------------------------------------------------------
---------------------------------------------------------------------------------
Finished Final Netlist Cleanup
---------------------------------------------------------------------------------
---------------------------------------------------------------------------------
Finished IO Insertion : Time (s): cpu = 00:00:24 ; elapsed = 00:00:24 . Memory (MB): peak = 2385.723 ; gain = 661.238 ; free physical = 5561 ; free virtual = 22290
---------------------------------------------------------------------------------
---------------------------------------------------------------------------------
Start Renaming Generated Instances
---------------------------------------------------------------------------------
---------------------------------------------------------------------------------
Finished Renaming Generated Instances : Time (s): cpu = 00:00:24 ; elapsed = 00:00:24 . Memory (MB): peak = 2385.723 ; gain = 661.238 ; free physical = 5561 ; free virtual = 22290
---------------------------------------------------------------------------------
---------------------------------------------------------------------------------
Start Rebuilding User Hierarchy
---------------------------------------------------------------------------------
---------------------------------------------------------------------------------
Finished Rebuilding User Hierarchy : Time (s): cpu = 00:00:24 ; elapsed = 00:00:24 . Memory (MB): peak = 2385.723 ; gain = 661.238 ; free physical = 5561 ; free virtual = 22290
---------------------------------------------------------------------------------
---------------------------------------------------------------------------------
Start Renaming Generated Ports
---------------------------------------------------------------------------------
---------------------------------------------------------------------------------
Finished Renaming Generated Ports : Time (s): cpu = 00:00:24 ; elapsed = 00:00:24 . Memory (MB): peak = 2385.723 ; gain = 661.238 ; free physical = 5561 ; free virtual = 22290
---------------------------------------------------------------------------------
---------------------------------------------------------------------------------
Start Handling Custom Attributes
---------------------------------------------------------------------------------
---------------------------------------------------------------------------------
Finished Handling Custom Attributes : Time (s): cpu = 00:00:24 ; elapsed = 00:00:24 . Memory (MB): peak = 2385.723 ; gain = 661.238 ; free physical = 5561 ; free virtual = 22290
---------------------------------------------------------------------------------
---------------------------------------------------------------------------------
Start Renaming Generated Nets
---------------------------------------------------------------------------------
---------------------------------------------------------------------------------
Finished Renaming Generated Nets : Time (s): cpu = 00:00:24 ; elapsed = 00:00:24 . Memory (MB): peak = 2385.723 ; gain = 661.238 ; free physical = 5561 ; free virtual = 22290
---------------------------------------------------------------------------------
---------------------------------------------------------------------------------
Start Writing Synthesis Report
---------------------------------------------------------------------------------

Report BlackBoxes: 
+------+--------------+----------+
|      |BlackBox name |Instances |
+------+--------------+----------+
|1     |clk_wiz_0     |         1|
+------+--------------+----------+

Report Cell Usage: 
+------+--------+------+
|      |Cell    |Count |
+------+--------+------+
|1     |clk_wiz |     1|
|2     |BUFG    |     1|
|3     |CARRY4  |    32|
|4     |LUT1    |    11|
|5     |LUT2    |   101|
|6     |LUT3    |    52|
|7     |LUT4    |    23|
|8     |LUT5    |    13|
|9     |LUT6    |    61|
|10    |MUXF7   |     1|
|11    |FDRE    |   137|
|12    |FDSE    |    16|
|13    |IBUF    |     1|
|14    |OBUFDS  |     4|
+------+--------+------+
---------------------------------------------------------------------------------
Finished Writing Synthesis Report : Time (s): cpu = 00:00:24 ; elapsed = 00:00:24 . Memory (MB): peak = 2385.723 ; gain = 661.238 ; free physical = 5561 ; free virtual = 22290
---------------------------------------------------------------------------------
Synthesis finished with 0 errors, 0 critical warnings and 26 warnings.
Synthesis Optimization Runtime : Time (s): cpu = 00:00:23 ; elapsed = 00:00:23 . Memory (MB): peak = 2385.723 ; gain = 506.453 ; free physical = 5563 ; free virtual = 22292
Synthesis Optimization Complete : Time (s): cpu = 00:00:24 ; elapsed = 00:00:24 . Memory (MB): peak = 2385.723 ; gain = 661.238 ; free physical = 5563 ; free virtual = 22292
INFO: [Project 1-571] Translating synthesized netlist
Netlist sorting complete. Time (s): cpu = 00:00:00 ; elapsed = 00:00:00 . Memory (MB): peak = 2385.723 ; gain = 0.000 ; free physical = 5564 ; free virtual = 22293
INFO: [Netlist 29-17] Analyzing 37 Unisim elements for replacement
INFO: [Netlist 29-28] Unisim Transformation completed in 0 CPU seconds
INFO: [Project 1-570] Preparing netlist for logic optimization
INFO: [Opt 31-138] Pushed 0 inverter(s) to 0 load pin(s).
Netlist sorting complete. Time (s): cpu = 00:00:00 ; elapsed = 00:00:00 . Memory (MB): peak = 2385.723 ; gain = 0.000 ; free physical = 5854 ; free virtual = 22583
INFO: [Project 1-111] Unisim Transformation Summary:
No Unisim elements were transformed.

Synth Design complete | Checksum: 290a61c5
INFO: [Common 17-83] Releasing license: Synthesis
41 Infos, 53 Warnings, 0 Critical Warnings and 0 Errors encountered.
synth_design completed successfully
synth_design: Time (s): cpu = 00:00:29 ; elapsed = 00:00:28 . Memory (MB): peak = 2385.723 ; gain = 1003.312 ; free physical = 5854 ; free virtual = 22583
INFO: [Common 17-2834] synth_design peak Physical Memory [PSS] (MB): overall = 1864.142; main = 1532.311; forked = 356.225
INFO: [Common 17-2834] synth_design peak Virtual Memory [VSS] (MB): overall = 3342.906; main = 2385.691; forked = 989.230
Write ShapeDB Complete: Time (s): cpu = 00:00:00 ; elapsed = 00:00:00 . Memory (MB): peak = 2409.699 ; gain = 0.000 ; free physical = 5854 ; free virtual = 22583
INFO: [Common 17-1381] The checkpoint '/home/nfant/vc-standalone/vc_standalone/vc_standalone.runs/synth_1/video_controller.dcp' has been generated.
INFO: [runtcl-4] Executing : report_utilization -file video_controller_utilization_synth.rpt -pb video_controller_utilization_synth.pb
INFO: [Common 17-206] Exiting Vivado at Thu Apr 24 23:05:14 2025...
