Copyright 1986-2022 Xilinx, Inc. All Rights Reserved. Copyright 2022-2023 Advanced Micro Devices, Inc. All Rights Reserved.
---------------------------------------------------------------------------------------------------------------------------------------------
| Tool Version : Vivado v.2023.2 (lin64) Build 4029153 Fri Oct 13 20:13:54 MDT 2023
| Date         : Thu Apr 24 23:06:24 2025
| Host         : iscandar running 64-bit Ubuntu 22.04.5 LTS
| Command      : report_control_sets -verbose -file video_controller_control_sets_placed.rpt
| Design       : video_controller
| Device       : xc7a100t
---------------------------------------------------------------------------------------------------------------------------------------------

Control Set Information

Table of Contents
-----------------
1. Summary
2. Histogram
3. Flip-Flop Distribution
4. Detailed Control Set Information

1. Summary
----------

+----------------------------------------------------------+-------+
|                          Status                          | Count |
+----------------------------------------------------------+-------+
| Total control sets                                       |    12 |
|    Minimum number of control sets                        |    12 |
|    Addition due to synthesis replication                 |     0 |
|    Addition due to physical synthesis replication        |     0 |
| Unused register locations in slices containing registers |    47 |
+----------------------------------------------------------+-------+
* Control sets can be merged at opt_design using control_set_merge or merge_equivalent_drivers
** Run report_qor_suggestions for automated merging and remapping suggestions


2. Histogram
------------

+--------------------+-------+
|       Fanout       | Count |
+--------------------+-------+
| Total control sets |    12 |
| >= 0 to < 4        |     0 |
| >= 4 to < 6        |     5 |
| >= 6 to < 8        |     2 |
| >= 8 to < 10       |     0 |
| >= 10 to < 12      |     0 |
| >= 12 to < 14      |     1 |
| >= 14 to < 16      |     0 |
| >= 16              |     4 |
+--------------------+-------+
* Control sets can be remapped at either synth_design or opt_design


3. Flip-Flop Distribution
-------------------------

+--------------+-----------------------+------------------------+-----------------+--------------+
| Clock Enable | Synchronous Set/Reset | Asynchronous Set/Reset | Total Registers | Total Slices |
+--------------+-----------------------+------------------------+-----------------+--------------+
| No           | No                    | No                     |              49 |           19 |
| No           | No                    | Yes                    |               0 |            0 |
| No           | Yes                   | No                     |              84 |           31 |
| Yes          | No                    | No                     |               0 |            0 |
| Yes          | No                    | Yes                    |               0 |            0 |
| Yes          | Yes                   | No                     |              20 |            5 |
+--------------+-----------------------+------------------------+-----------------+--------------+


4. Detailed Control Set Information
-----------------------------------

+------------------------+---------------+-------------------------------------------+------------------+----------------+--------------+
|      Clock Signal      | Enable Signal |              Set/Reset Signal             | Slice Load Count | Bel Load Count | Bels / Slice |
+------------------------+---------------+-------------------------------------------+------------------+----------------+--------------+
|  clk_wiz/inst/clk_out1 |               | gen/serialize_chc/TMDS_shift_load_reg_n_0 |                1 |              4 |         4.00 |
|  clk_wiz/inst/clk_out1 |               | gen/serialize_ch0/_n_0                    |                1 |              4 |         4.00 |
|  clk_wiz/inst/clk_out1 |               | gen/serialize_ch1/_n_0                    |                1 |              4 |         4.00 |
|  clk_wiz/inst/clk_out1 |               | gen/serialize_ch2/_n_0                    |                1 |              4 |         4.00 |
|  clk_wiz/inst/clk_out1 |               | gen/serialize_chc/_n_0                    |                1 |              4 |         4.00 |
|  clk_pix_BUFG          |               |                                           |                4 |              6 |         1.50 |
|  clk_pix_BUFG          |               | scrn/sy_reg[5]_0                          |                4 |              7 |         1.75 |
|  clk_pix_BUFG          |               | scrn/SR[0]                                |                5 |             12 |         2.40 |
|  clk_pix_BUFG          |               | scrn/sx[0]_i_1_n_0                        |                5 |             20 |         4.00 |
|  clk_pix_BUFG          | scrn/sx0      | scrn/sy[0]_i_1_n_0                        |                5 |             20 |         4.00 |
|  clk_pix_BUFG          |               | rst_IBUF                                  |               12 |             25 |         2.08 |
|  clk_wiz/inst/clk_out1 |               |                                           |               15 |             43 |         2.87 |
+------------------------+---------------+-------------------------------------------+------------------+----------------+--------------+


